// Jest Snapshot v1, https://goo.gl/fbAQLP

exports[`should match the snapshot 1`] = `
<div
  className="error"
>
  <h2>
    404 Error....
  </h2>
  <h3>
    Page Not Found !!
  </h3>
</div>
`;
